/Users/julianbeck/Documents/Programming/java/vislab/lab4/lab4-base/src/main/java/tcc/hotel/HotelReservationSystem.java
/Users/julianbeck/Documents/Programming/java/vislab/lab4/lab4-base/src/main/java/tcc/flight/FlightReservationDoc.java
/Users/julianbeck/Documents/Programming/java/vislab/lab4/lab4-base/src/main/java/tcc/DateUtil.java
/Users/julianbeck/Documents/Programming/java/vislab/lab4/lab4-base/src/main/java/tcc/BookingException.java
/Users/julianbeck/Documents/Programming/java/vislab/lab4/lab4-base/src/main/java/tcc/flight/FlightReservationSystem.java
/Users/julianbeck/Documents/Programming/java/vislab/lab4/lab4-base/src/main/java/tcc/hotel/HotelReservationDoc.java
/Users/julianbeck/Documents/Programming/java/vislab/lab4/lab4-base/src/main/java/tcc/flight/FlightService.java
/Users/julianbeck/Documents/Programming/java/vislab/lab4/lab4-base/src/main/java/tcc/hotel/HotelService.java
/Users/julianbeck/Documents/Programming/java/vislab/lab4/lab4-base/src/main/java/tcc/TestServer.java
/Users/julianbeck/Documents/Programming/java/vislab/lab4/lab4-base/src/main/java/tcc/TestClient.java
